2026-03-01 13:20:34.459 | INFO     | src.familylog.collector.telegram:collect_messages:193 - id последнего добавленного сообщения в таблице settings = 644948307
2026-03-01 13:20:34.824 | INFO     | src.familylog.collector.telegram:fetch_updates:113 - Пробуем достать данные из телеграма Параметры offset = 644948307 - это значение id последнего сообщения в чате.
2026-03-01 13:20:34.825 | INFO     | src.familylog.collector.telegram:fetch_updates:118 - Данные от телеграма получены = 
 {'ok': True, 'result': [{'update_id': 644948308, 'message': {'message_id': 711, 'from': {'id': 987692540, 'is_bot': False, 'first_name': 'Стефан', 'username': 'StefanDKO', 'language_code': 'ru'}, 'chat': {'id': 987692540, 'first_name': 'Стефан', 'username': 'StefanDKO', 'type': 'private'}, 'date': 1772310650, 'text': '📔 дневник'}}, {'update_id': 644948309, 'message': {'message_id': 712, 'from': {'id': 987692540, 'is_bot': False, 'first_name': 'Стефан', 'username': 'StefanDKO', 'language_code': 'ru'}, 'chat': {'id': 987692540, 'first_name': 'Стефан', 'username': 'StefanDKO', 'type': 'private'}, 'date': 1772310665, 'video_note': {'duration': 10, 'length': 384, 'thumbnail': {'file_id': 'AAMCAgADGQEAAgLIaaNQiQKBU_ocQIEkJnuH2yPNWesAArShAAI6uyFJA7ek6tH1_iQBAAdtAAM6BA', 'file_unique_id': 'AQADtKEAAjq7IUly', 'file_size': 16517, 'width': 320, 'height': 320}, 'thumb': {'file_id': 'AAMCAgADGQEAAgLIaaNQiQKBU_ocQIEkJnuH2yPNWesAArShAAI6uyFJA7ek6tH1_iQBAAdtAAM6BA', 'file_unique_id': 'AQADtKEAAjq7IUly', 'file_size': 16517, 'width': 320, 'height': 320}, 'file_id': 'DQACAgIAAxkBAAICyGmjUIkCgVP6HECBJCZ7h9sjzVnrAAK0oQACOrshSQO3pOrR9f4kOgQ', 'file_unique_id': 'AgADtKEAAjq7IUk', 'file_size': 1261808}}}, {'update_id': 644948310, 'message': {'message_id': 713, 'from': {'id': 987692540, 'is_bot': False, 'first_name': 'Стефан', 'username': 'StefanDKO', 'language_code': 'ru'}, 'chat': {'id': 987692540, 'first_name': 'Стефан', 'username': 'StefanDKO', 'type': 'private'}, 'date': 1772310666, 'text': '📔 дневник'}}]}
2026-03-01 13:20:34.825 | DEBUG    | src.familylog.collector.telegram:collect_messages:222 - Маркер '📔 дневник' → intent='diary'
2026-03-01 13:20:34.829 | DEBUG    | src.familylog.collector.telegram:open_session:144 - Новая сессия пользователя 987692540 создана с intent diary.
2026-03-01 13:20:34.830 | INFO     | src.familylog.collector.telegram:save_setting:43 - Таблица settings обновлена параметры: last_intent_987692540 = diary
2026-03-01 13:20:34.831 | INFO     | src.familylog.collector.telegram:save_setting:43 - Таблица settings обновлена параметры: last_update_id = 644948308
2026-03-01 13:20:34.832 | INFO     | src.familylog.collector.telegram:save_setting:43 - Таблица settings обновлена параметры: last_update_id = 644948309
2026-03-01 13:20:34.833 | DEBUG    | src.familylog.collector.telegram:collect_messages:222 - Маркер '📔 дневник' → intent='diary'
2026-03-01 13:22:51.462 | INFO     | src.familylog.collector.telegram:collect_messages:193 - id последнего добавленного сообщения в таблице settings = 644948309
2026-03-01 13:22:51.741 | INFO     | src.familylog.collector.telegram:fetch_updates:113 - Пробуем достать данные из телеграма Параметры offset = 644948309 - это значение id последнего сообщения в чате.
2026-03-01 13:22:51.742 | INFO     | src.familylog.collector.telegram:fetch_updates:118 - Данные от телеграма получены = 
 {'ok': True, 'result': [{'update_id': 644948310, 'message': {'message_id': 713, 'from': {'id': 987692540, 'is_bot': False, 'first_name': 'Стефан', 'username': 'StefanDKO', 'language_code': 'ru'}, 'chat': {'id': 987692540, 'first_name': 'Стефан', 'username': 'StefanDKO', 'type': 'private'}, 'date': 1772310666, 'text': '📔 дневник'}}, {'update_id': 644948311, 'message': {'message_id': 714, 'from': {'id': 987692540, 'is_bot': False, 'first_name': 'Стефан', 'username': 'StefanDKO', 'language_code': 'ru'}, 'chat': {'id': 987692540, 'first_name': 'Стефан', 'username': 'StefanDKO', 'type': 'private'}, 'date': 1772364021, 'document': {'file_name': 'PySpark_SQL_Cheat_Sheet_Python.pdf', 'mime_type': 'application/pdf', 'file_id': 'BQACAgIAAxkBAAICymmkIQL1pJWjO0wzfFuqKz18OmSCAAIamQACqj4gSZ9m3pAt6853OgQ', 'file_unique_id': 'AgADGpkAAqo-IEk', 'file_size': 694537}}}, {'update_id': 644948312, 'message': {'message_id': 715, 'from': {'id': 987692540, 'is_bot': False, 'first_name': 'Стефан', 'username': 'StefanDKO', 'language_code': 'ru'}, 'chat': {'id': 987692540, 'first_name': 'Стефан', 'username': 'StefanDKO', 'type': 'private'}, 'date': 1772364023, 'text': '📔 дневник'}}]}
2026-03-01 13:22:51.742 | DEBUG    | src.familylog.collector.telegram:collect_messages:222 - Маркер '📔 дневник' → intent='diary'
2026-03-01 13:22:51.746 | DEBUG    | src.familylog.collector.telegram:open_session:144 - Новая сессия пользователя 987692540 создана с intent diary.
2026-03-01 13:22:51.746 | INFO     | src.familylog.collector.telegram:save_setting:43 - Таблица settings обновлена параметры: last_intent_987692540 = diary
2026-03-01 13:22:51.748 | INFO     | src.familylog.collector.telegram:save_setting:43 - Таблица settings обновлена параметры: last_update_id = 644948310
2026-03-01 13:22:51.749 | INFO     | src.familylog.collector.telegram:collect_messages:287 - Получен документ 'None'
2026-03-01 13:22:51.751 | DEBUG    | src.familylog.collector.telegram:collect_messages:345 - Сохранено %s → session_id=%d, intent=%s
2026-03-01 13:22:51.751 | INFO     | src.familylog.collector.telegram:save_setting:43 - Таблица settings обновлена параметры: last_update_id = 644948311
2026-03-01 13:22:51.752 | DEBUG    | src.familylog.collector.telegram:collect_messages:222 - Маркер '📔 дневник' → intent='diary'
2026-03-01 13:22:51.753 | DEBUG    | src.familylog.collector.telegram:collect_messages:228 - Закрыта сессия 15 автора {'id': 987692540, 'is_bot': False, 'first_name': 'Стефан', 'username': 'StefanDKO', 'language_code': 'ru'} с intent diary
2026-03-01 13:22:51.754 | DEBUG    | src.familylog.collector.telegram:open_session:144 - Новая сессия пользователя 987692540 создана с intent diary.
2026-03-01 13:22:51.754 | INFO     | src.familylog.collector.telegram:save_setting:43 - Таблица settings обновлена параметры: last_intent_987692540 = diary
2026-03-01 13:22:51.755 | INFO     | src.familylog.collector.telegram:save_setting:43 - Таблица settings обновлена параметры: last_update_id = 644948312
2026-03-01 13:23:00.511 | INFO     | src.familylog.collector.telegram:close_all_open_sessions:95 - Закрыто 0 сессий старше 30 минут
2026-03-01 13:34:20.564 | INFO     | src.familylog.collector.telegram:collect_messages:191 - id последнего добавленного сообщения в таблице settings = 644948312
2026-03-01 13:34:20.917 | INFO     | src.familylog.collector.telegram:fetch_updates:111 - Пробуем достать данные из телеграма Параметры offset = 644948312 - это значение id последнего сообщения в чате.
2026-03-01 13:34:20.917 | INFO     | src.familylog.collector.telegram:fetch_updates:116 - Данные от телеграма получены = 
 {'ok': True, 'result': [{'update_id': 644948313, 'message': {'message_id': 716, 'from': {'id': 987692540, 'is_bot': False, 'first_name': 'Стефан', 'username': 'StefanDKO', 'language_code': 'ru'}, 'chat': {'id': 987692540, 'first_name': 'Стефан', 'username': 'StefanDKO', 'type': 'private'}, 'date': 1772364854, 'voice': {'duration': 9, 'mime_type': 'audio/ogg', 'file_id': 'AwACAgIAAxkBAAICzGmkJDa2gnHrAAF5fb2jZuKZq_iAHQACR5kAAqo-IElKew-TEn_CYjoE', 'file_unique_id': 'AgADR5kAAqo-IEk', 'file_size': 192040}}}, {'update_id': 644948314, 'message': {'message_id': 717, 'from': {'id': 987692540, 'is_bot': False, 'first_name': 'Стефан', 'username': 'StefanDKO', 'language_code': 'ru'}, 'chat': {'id': 987692540, 'first_name': 'Стефан', 'username': 'StefanDKO', 'type': 'private'}, 'date': 1772364856, 'text': '📔 дневник'}}]}
2026-03-01 13:34:20.922 | DEBUG    | src.familylog.collector.telegram:collect_messages:344 - Сохранено voice → session_id=16, intent=diary
2026-03-01 13:34:20.923 | INFO     | src.familylog.collector.telegram:save_setting:41 - Таблица settings обновлена параметры: last_update_id = 644948313
2026-03-01 13:34:20.924 | DEBUG    | src.familylog.collector.telegram:collect_messages:220 - Маркер '📔 дневник' → intent='diary'
2026-03-01 13:34:20.925 | DEBUG    | src.familylog.collector.telegram:collect_messages:226 - Закрыта сессия 16 автора {'id': 987692540, 'is_bot': False, 'first_name': 'Стефан', 'username': 'StefanDKO', 'language_code': 'ru'} с intent diary
2026-03-01 13:34:20.926 | DEBUG    | src.familylog.collector.telegram:open_session:142 - Новая сессия пользователя 987692540 создана с intent diary.
2026-03-01 13:34:20.926 | INFO     | src.familylog.collector.telegram:save_setting:41 - Таблица settings обновлена параметры: last_intent_987692540 = diary
2026-03-01 13:34:20.927 | INFO     | src.familylog.collector.telegram:save_setting:41 - Таблица settings обновлена параметры: last_update_id = 644948314
2026-03-01 13:34:29.316 | INFO     | src.familylog.collector.telegram:close_all_open_sessions:93 - Закрыто 0 сессий старше 30 минут
2026-03-01 13:37:05.997 | INFO     | src.familylog.collector.telegram:collect_messages:191 - id последнего добавленного сообщения в таблице settings = 644948314
2026-03-01 13:37:06.367 | INFO     | src.familylog.collector.telegram:fetch_updates:111 - Пробуем достать данные из телеграма Параметры offset = 644948314 - это значение id последнего сообщения в чате.
2026-03-01 13:37:06.367 | INFO     | src.familylog.collector.telegram:fetch_updates:116 - Данные от телеграма получены = 
 {'ok': True, 'result': [{'update_id': 644948315, 'message': {'message_id': 718, 'from': {'id': 987692540, 'is_bot': False, 'first_name': 'Стефан', 'username': 'StefanDKO', 'language_code': 'ru'}, 'chat': {'id': 987692540, 'first_name': 'Стефан', 'username': 'StefanDKO', 'type': 'private'}, 'date': 1772365010, 'forward_origin': {'type': 'user', 'sender_user': {'id': 987692540, 'is_bot': False, 'first_name': 'Стефан', 'username': 'StefanDKO', 'language_code': 'ru'}, 'date': 1772294746}, 'forward_from': {'id': 987692540, 'is_bot': False, 'first_name': 'Стефан', 'username': 'StefanDKO', 'language_code': 'ru'}, 'forward_date': 1772294746, 'voice': {'duration': 75, 'mime_type': 'audio/ogg', 'file_id': 'AwACAgIAAxkBAAICzmmkJNKj93oUzlM63frwzZiCMi70AAIhjQACOrsZSde9Sh1wEqwLOgQ', 'file_unique_id': 'AgADIY0AAjq7GUk', 'file_size': 1559056}}}, {'update_id': 644948316, 'message': {'message_id': 719, 'from': {'id': 987692540, 'is_bot': False, 'first_name': 'Стефан', 'username': 'StefanDKO', 'language_code': 'ru'}, 'chat': {'id': 987692540, 'first_name': 'Стефан', 'username': 'StefanDKO', 'type': 'private'}, 'date': 1772365012, 'text': '📔 дневник'}}]}
2026-03-01 13:37:06.369 | DEBUG    | src.familylog.collector.telegram:parse_forward:171 - Получены пересланные сообщения от ПОЛЬЗОВАТЕЛЯ: {'id': 987692540, 'is_bot': False, 'first_name': 'Стефан', 'username': 'StefanDKO', 'language_code': 'ru'}, ЗАГОЛОВОК: None
2026-03-01 13:37:06.373 | DEBUG    | src.familylog.collector.telegram:collect_messages:344 - Сохранено voice → session_id=17, intent=diary
2026-03-01 13:37:06.373 | INFO     | src.familylog.collector.telegram:save_setting:41 - Таблица settings обновлена параметры: last_update_id = 644948315
2026-03-01 13:37:06.374 | DEBUG    | src.familylog.collector.telegram:collect_messages:220 - Маркер '📔 дневник' → intent='diary'
2026-03-01 13:37:06.375 | DEBUG    | src.familylog.collector.telegram:collect_messages:226 - Закрыта сессия 17 автора {'id': 987692540, 'is_bot': False, 'first_name': 'Стефан', 'username': 'StefanDKO', 'language_code': 'ru'} с intent diary
2026-03-01 13:37:06.376 | DEBUG    | src.familylog.collector.telegram:open_session:142 - Новая сессия пользователя 987692540 создана с intent diary.
2026-03-01 13:37:06.376 | INFO     | src.familylog.collector.telegram:save_setting:41 - Таблица settings обновлена параметры: last_intent_987692540 = diary
2026-03-01 13:37:06.377 | INFO     | src.familylog.collector.telegram:save_setting:41 - Таблица settings обновлена параметры: last_update_id = 644948316
2026-03-01 13:37:18.455 | INFO     | src.familylog.collector.telegram:close_all_open_sessions:93 - Закрыто 0 сессий старше 30 минут
2026-03-01 13:39:15.666 | INFO     | src.familylog.collector.telegram:collect_messages:191 - id последнего добавленного сообщения в таблице settings = 644948316
2026-03-01 13:39:15.943 | INFO     | src.familylog.collector.telegram:fetch_updates:111 - Пробуем достать данные из телеграма Параметры offset = 644948316 - это значение id последнего сообщения в чате.
2026-03-01 13:39:15.943 | INFO     | src.familylog.collector.telegram:fetch_updates:116 - Данные от телеграма получены = 
 {'ok': True, 'result': [{'update_id': 644948317, 'message': {'message_id': 720, 'from': {'id': 987692540, 'is_bot': False, 'first_name': 'Стефан', 'username': 'StefanDKO', 'language_code': 'ru'}, 'chat': {'id': 987692540, 'first_name': 'Стефан', 'username': 'StefanDKO', 'type': 'private'}, 'date': 1772365150, 'forward_origin': {'type': 'user', 'sender_user': {'id': 987692540, 'is_bot': False, 'first_name': 'Стефан', 'username': 'StefanDKO', 'language_code': 'ru'}, 'date': 1772294746}, 'forward_from': {'id': 987692540, 'is_bot': False, 'first_name': 'Стефан', 'username': 'StefanDKO', 'language_code': 'ru'}, 'forward_date': 1772294746, 'voice': {'duration': 75, 'mime_type': 'audio/ogg', 'file_id': 'AwACAgIAAxkBAAICzmmkJNKj93oUzlM63frwzZiCMi70AAIhjQACOrsZSde9Sh1wEqwLOgQ', 'file_unique_id': 'AgADIY0AAjq7GUk', 'file_size': 1559056}}}, {'update_id': 644948318, 'message': {'message_id': 721, 'from': {'id': 987692540, 'is_bot': False, 'first_name': 'Стефан', 'username': 'StefanDKO', 'language_code': 'ru'}, 'chat': {'id': 987692540, 'first_name': 'Стефан', 'username': 'StefanDKO', 'type': 'private'}, 'date': 1772365150, 'forward_origin': {'type': 'user', 'sender_user': {'id': 987692540, 'is_bot': False, 'first_name': 'Стефан', 'username': 'StefanDKO', 'language_code': 'ru'}, 'date': 1772365011}, 'forward_from': {'id': 987692540, 'is_bot': False, 'first_name': 'Стефан', 'username': 'StefanDKO', 'language_code': 'ru'}, 'forward_date': 1772365011, 'text': '📔 дневник'}}]}
2026-03-01 13:39:15.944 | DEBUG    | src.familylog.collector.telegram:parse_forward:171 - Получены пересланные сообщения от ПОЛЬЗОВАТЕЛЯ: {'id': 987692540, 'is_bot': False, 'first_name': 'Стефан', 'username': 'StefanDKO', 'language_code': 'ru'}, ЗАГОЛОВОК: None
2026-03-01 13:39:15.948 | DEBUG    | src.familylog.collector.telegram:collect_messages:344 - Сохранено voice → session_id=18, intent=diary
2026-03-01 13:39:15.949 | INFO     | src.familylog.collector.telegram:save_setting:41 - Таблица settings обновлена параметры: last_update_id = 644948317
2026-03-01 13:39:15.950 | DEBUG    | src.familylog.collector.telegram:collect_messages:220 - Маркер '📔 дневник' → intent='diary'
2026-03-01 13:39:15.951 | DEBUG    | src.familylog.collector.telegram:collect_messages:226 - Закрыта сессия 18 автора {'id': 987692540, 'is_bot': False, 'first_name': 'Стефан', 'username': 'StefanDKO', 'language_code': 'ru'} с intent diary
2026-03-01 13:39:15.952 | DEBUG    | src.familylog.collector.telegram:open_session:142 - Новая сессия пользователя 987692540 создана с intent diary.
2026-03-01 13:39:15.952 | INFO     | src.familylog.collector.telegram:save_setting:41 - Таблица settings обновлена параметры: last_intent_987692540 = diary
2026-03-01 13:39:15.953 | INFO     | src.familylog.collector.telegram:save_setting:41 - Таблица settings обновлена параметры: last_update_id = 644948318
2026-03-01 13:39:22.458 | INFO     | src.familylog.collector.telegram:close_all_open_sessions:93 - Закрыто 0 сессий старше 30 минут
2026-03-01 13:40:26.082 | INFO     | src.familylog.collector.telegram:collect_messages:191 - id последнего добавленного сообщения в таблице settings = 644948318
2026-03-01 13:40:36.416 | INFO     | src.familylog.collector.telegram:fetch_updates:111 - Пробуем достать данные из телеграма Параметры offset = 644948318 - это значение id последнего сообщения в чате.
2026-03-01 13:40:36.416 | INFO     | src.familylog.collector.telegram:fetch_updates:116 - Данные от телеграма получены = 
 {'ok': True, 'result': []}
2026-03-01 13:40:41.159 | INFO     | src.familylog.collector.telegram:close_all_open_sessions:93 - Закрыто 0 сессий старше 30 минут
2026-03-01 13:41:03.826 | INFO     | src.familylog.collector.telegram:collect_messages:191 - id последнего добавленного сообщения в таблице settings = 644948318
2026-03-01 13:41:04.174 | INFO     | src.familylog.collector.telegram:fetch_updates:111 - Пробуем достать данные из телеграма Параметры offset = 644948318 - это значение id последнего сообщения в чате.
2026-03-01 13:41:04.174 | INFO     | src.familylog.collector.telegram:fetch_updates:116 - Данные от телеграма получены = 
 {'ok': True, 'result': [{'update_id': 644948319, 'message': {'message_id': 722, 'from': {'id': 987692540, 'is_bot': False, 'first_name': 'Стефан', 'username': 'StefanDKO', 'language_code': 'ru'}, 'chat': {'id': 987692540, 'first_name': 'Стефан', 'username': 'StefanDKO', 'type': 'private'}, 'date': 1772365257, 'forward_origin': {'type': 'user', 'sender_user': {'id': 987692540, 'is_bot': False, 'first_name': 'Стефан', 'username': 'StefanDKO', 'language_code': 'ru'}, 'date': 1772294746}, 'forward_from': {'id': 987692540, 'is_bot': False, 'first_name': 'Стефан', 'username': 'StefanDKO', 'language_code': 'ru'}, 'forward_date': 1772294746, 'voice': {'duration': 75, 'mime_type': 'audio/ogg', 'file_id': 'AwACAgIAAxkBAAICzmmkJNKj93oUzlM63frwzZiCMi70AAIhjQACOrsZSde9Sh1wEqwLOgQ', 'file_unique_id': 'AgADIY0AAjq7GUk', 'file_size': 1559056}}}, {'update_id': 644948320, 'message': {'message_id': 723, 'from': {'id': 987692540, 'is_bot': False, 'first_name': 'Стефан', 'username': 'StefanDKO', 'language_code': 'ru'}, 'chat': {'id': 987692540, 'first_name': 'Стефан', 'username': 'StefanDKO', 'type': 'private'}, 'date': 1772365257, 'forward_origin': {'type': 'user', 'sender_user': {'id': 987692540, 'is_bot': False, 'first_name': 'Стефан', 'username': 'StefanDKO', 'language_code': 'ru'}, 'date': 1772365011}, 'forward_from': {'id': 987692540, 'is_bot': False, 'first_name': 'Стефан', 'username': 'StefanDKO', 'language_code': 'ru'}, 'forward_date': 1772365011, 'text': '📔 дневник'}}]}
2026-03-01 13:41:04.176 | DEBUG    | src.familylog.collector.telegram:parse_forward:171 - Получены пересланные сообщения от ПОЛЬЗОВАТЕЛЯ: {'id': 987692540, 'is_bot': False, 'first_name': 'Стефан', 'username': 'StefanDKO', 'language_code': 'ru'}, ЗАГОЛОВОК: None
2026-03-01 13:41:04.180 | DEBUG    | src.familylog.collector.telegram:collect_messages:344 - Сохранено voice → session_id=19, intent=diary
2026-03-01 13:41:04.180 | INFO     | src.familylog.collector.telegram:save_setting:41 - Таблица settings обновлена параметры: last_update_id = 644948319
2026-03-01 13:41:04.181 | DEBUG    | src.familylog.collector.telegram:collect_messages:220 - Маркер '📔 дневник' → intent='diary'
2026-03-01 13:41:04.183 | DEBUG    | src.familylog.collector.telegram:collect_messages:226 - Закрыта сессия 19 автора {'id': 987692540, 'is_bot': False, 'first_name': 'Стефан', 'username': 'StefanDKO', 'language_code': 'ru'} с intent diary
2026-03-01 13:41:04.183 | DEBUG    | src.familylog.collector.telegram:open_session:142 - Новая сессия пользователя 987692540 создана с intent diary.
2026-03-01 13:41:04.183 | INFO     | src.familylog.collector.telegram:save_setting:41 - Таблица settings обновлена параметры: last_intent_987692540 = diary
2026-03-01 13:41:04.184 | INFO     | src.familylog.collector.telegram:save_setting:41 - Таблица settings обновлена параметры: last_update_id = 644948320
2026-03-01 13:41:17.960 | INFO     | src.familylog.collector.telegram:close_all_open_sessions:93 - Закрыто 0 сессий старше 30 минут
2026-03-01 13:47:11.260 | INFO     | src.familylog.collector.telegram:collect_messages:191 - id последнего добавленного сообщения в таблице settings = 644948320
2026-03-01 13:47:11.622 | INFO     | src.familylog.collector.telegram:fetch_updates:111 - Пробуем достать данные из телеграма Параметры offset = 644948320 - это значение id последнего сообщения в чате.
2026-03-01 13:47:11.622 | INFO     | src.familylog.collector.telegram:fetch_updates:116 - Данные от телеграма получены = 
 {'ok': True, 'result': [{'update_id': 644948321, 'message': {'message_id': 724, 'from': {'id': 987692540, 'is_bot': False, 'first_name': 'Стефан', 'username': 'StefanDKO', 'language_code': 'ru'}, 'chat': {'id': 987692540, 'first_name': 'Стефан', 'username': 'StefanDKO', 'type': 'private'}, 'date': 1772365622, 'voice': {'duration': 162, 'mime_type': 'audio/ogg', 'file_id': 'AwACAgIAAxkBAAIC1GmkJzZdZuE_P2pJqu3Z-13L0p-dAAJrmQACqj4gSa8FInfMdHWZOgQ', 'file_unique_id': 'AgADa5kAAqo-IEk', 'file_size': 3338072}}}, {'update_id': 644948322, 'message': {'message_id': 725, 'from': {'id': 987692540, 'is_bot': False, 'first_name': 'Стефан', 'username': 'StefanDKO', 'language_code': 'ru'}, 'chat': {'id': 987692540, 'first_name': 'Стефан', 'username': 'StefanDKO', 'type': 'private'}, 'date': 1772365624, 'text': '📔 дневник'}}]}
2026-03-01 13:47:11.631 | DEBUG    | src.familylog.collector.telegram:collect_messages:344 - Сохранено voice → session_id=20, intent=diary
2026-03-01 13:47:11.632 | INFO     | src.familylog.collector.telegram:save_setting:41 - Таблица settings обновлена параметры: last_update_id = 644948321
2026-03-01 13:47:11.633 | DEBUG    | src.familylog.collector.telegram:collect_messages:220 - Маркер '📔 дневник' → intent='diary'
2026-03-01 13:47:11.635 | DEBUG    | src.familylog.collector.telegram:collect_messages:226 - Закрыта сессия 20 автора {'id': 987692540, 'is_bot': False, 'first_name': 'Стефан', 'username': 'StefanDKO', 'language_code': 'ru'} с intent diary
2026-03-01 13:47:11.636 | DEBUG    | src.familylog.collector.telegram:open_session:142 - Новая сессия пользователя 987692540 создана с intent diary.
2026-03-01 13:47:11.637 | INFO     | src.familylog.collector.telegram:save_setting:41 - Таблица settings обновлена параметры: last_intent_987692540 = diary
2026-03-01 13:47:11.638 | INFO     | src.familylog.collector.telegram:save_setting:41 - Таблица settings обновлена параметры: last_update_id = 644948322
2026-03-01 13:47:32.650 | INFO     | src.familylog.collector.telegram:close_all_open_sessions:93 - Закрыто 0 сессий старше 30 минут
2026-03-01 13:54:27.921 | INFO     | src.familylog.collector.telegram:collect_messages:191 - id последнего добавленного сообщения в таблице settings = 644948322
2026-03-01 13:54:43.604 | INFO     | src.familylog.collector.telegram:fetch_updates:111 - Пробуем достать данные из телеграма Параметры offset = 644948322 - это значение id последнего сообщения в чате.
2026-03-01 13:54:43.606 | INFO     | src.familylog.collector.telegram:fetch_updates:116 - Данные от телеграма получены = 
 {'ok': True, 'result': []}
2026-03-01 13:54:51.988 | INFO     | src.familylog.collector.telegram:close_all_open_sessions:93 - Закрыто 0 сессий старше 30 минут
2026-03-01 13:57:11.194 | INFO     | src.familylog.collector.telegram:collect_messages:191 - id последнего добавленного сообщения в таблице settings = 644948322
2026-03-01 13:57:18.814 | INFO     | src.familylog.collector.telegram:fetch_updates:111 - Пробуем достать данные из телеграма Параметры offset = 644948322 - это значение id последнего сообщения в чате.
2026-03-01 13:57:18.814 | INFO     | src.familylog.collector.telegram:fetch_updates:116 - Данные от телеграма получены = 
 {'ok': True, 'result': [{'update_id': 644948323, 'message': {'message_id': 726, 'from': {'id': 987692540, 'is_bot': False, 'first_name': 'Стефан', 'username': 'StefanDKO', 'language_code': 'ru'}, 'chat': {'id': 987692540, 'first_name': 'Стефан', 'username': 'StefanDKO', 'type': 'private'}, 'date': 1772366220, 'forward_origin': {'type': 'user', 'sender_user': {'id': 987692540, 'is_bot': False, 'first_name': 'Стефан', 'username': 'StefanDKO', 'language_code': 'ru'}, 'date': 1772365622}, 'forward_from': {'id': 987692540, 'is_bot': False, 'first_name': 'Стефан', 'username': 'StefanDKO', 'language_code': 'ru'}, 'forward_date': 1772365622, 'voice': {'duration': 162, 'mime_type': 'audio/ogg', 'file_id': 'AwACAgIAAxkBAAIC1GmkJzZdZuE_P2pJqu3Z-13L0p-dAAJrmQACqj4gSa8FInfMdHWZOgQ', 'file_unique_id': 'AgADa5kAAqo-IEk', 'file_size': 3338072}}}, {'update_id': 644948324, 'message': {'message_id': 727, 'from': {'id': 987692540, 'is_bot': False, 'first_name': 'Стефан', 'username': 'StefanDKO', 'language_code': 'ru'}, 'chat': {'id': 987692540, 'first_name': 'Стефан', 'username': 'StefanDKO', 'type': 'private'}, 'date': 1772366220, 'forward_origin': {'type': 'user', 'sender_user': {'id': 987692540, 'is_bot': False, 'first_name': 'Стефан', 'username': 'StefanDKO', 'language_code': 'ru'}, 'date': 1772365624}, 'forward_from': {'id': 987692540, 'is_bot': False, 'first_name': 'Стефан', 'username': 'StefanDKO', 'language_code': 'ru'}, 'forward_date': 1772365624, 'text': '📔 дневник'}}]}
2026-03-01 13:57:18.819 | DEBUG    | src.familylog.collector.telegram:parse_forward:171 - Получены пересланные сообщения от ПОЛЬЗОВАТЕЛЯ: {'id': 987692540, 'is_bot': False, 'first_name': 'Стефан', 'username': 'StefanDKO', 'language_code': 'ru'}, ЗАГОЛОВОК: None
2026-03-01 13:57:18.830 | DEBUG    | src.familylog.collector.telegram:collect_messages:344 - Сохранено voice → session_id=21, intent=diary
2026-03-01 13:57:18.832 | INFO     | src.familylog.collector.telegram:save_setting:41 - Таблица settings обновлена параметры: last_update_id = 644948323
2026-03-01 13:57:18.834 | DEBUG    | src.familylog.collector.telegram:collect_messages:220 - Маркер '📔 дневник' → intent='diary'
2026-03-01 13:57:18.836 | DEBUG    | src.familylog.collector.telegram:collect_messages:226 - Закрыта сессия 21 автора {'id': 987692540, 'is_bot': False, 'first_name': 'Стефан', 'username': 'StefanDKO', 'language_code': 'ru'} с intent diary
2026-03-01 13:57:18.838 | DEBUG    | src.familylog.collector.telegram:open_session:142 - Новая сессия пользователя 987692540 создана с intent diary.
2026-03-01 13:57:18.839 | INFO     | src.familylog.collector.telegram:save_setting:41 - Таблица settings обновлена параметры: last_intent_987692540 = diary
2026-03-01 13:57:18.840 | INFO     | src.familylog.collector.telegram:save_setting:41 - Таблица settings обновлена параметры: last_update_id = 644948324
2026-03-01 13:57:43.673 | INFO     | src.familylog.collector.telegram:close_all_open_sessions:93 - Закрыто 0 сессий старше 30 минут
2026-03-01 14:02:12.326 | INFO     | src.familylog.collector.telegram:collect_messages:191 - id последнего добавленного сообщения в таблице settings = 644948324
2026-03-01 14:02:12.658 | INFO     | src.familylog.collector.telegram:fetch_updates:111 - Пробуем достать данные из телеграма Параметры offset = 644948324 - это значение id последнего сообщения в чате.
2026-03-01 14:02:12.658 | INFO     | src.familylog.collector.telegram:fetch_updates:116 - Данные от телеграма получены = 
 {'ok': True, 'result': [{'update_id': 644948325, 'message': {'message_id': 728, 'from': {'id': 987692540, 'is_bot': False, 'first_name': 'Стефан', 'username': 'StefanDKO', 'language_code': 'ru'}, 'chat': {'id': 987692540, 'first_name': 'Стефан', 'username': 'StefanDKO', 'type': 'private'}, 'date': 1772366333, 'forward_origin': {'type': 'user', 'sender_user': {'id': 987692540, 'is_bot': False, 'first_name': 'Стефан', 'username': 'StefanDKO', 'language_code': 'ru'}, 'date': 1772365622}, 'forward_from': {'id': 987692540, 'is_bot': False, 'first_name': 'Стефан', 'username': 'StefanDKO', 'language_code': 'ru'}, 'forward_date': 1772365622, 'voice': {'duration': 162, 'mime_type': 'audio/ogg', 'file_id': 'AwACAgIAAxkBAAIC1GmkJzZdZuE_P2pJqu3Z-13L0p-dAAJrmQACqj4gSa8FInfMdHWZOgQ', 'file_unique_id': 'AgADa5kAAqo-IEk', 'file_size': 3338072}}}, {'update_id': 644948326, 'message': {'message_id': 729, 'from': {'id': 987692540, 'is_bot': False, 'first_name': 'Стефан', 'username': 'StefanDKO', 'language_code': 'ru'}, 'chat': {'id': 987692540, 'first_name': 'Стефан', 'username': 'StefanDKO', 'type': 'private'}, 'date': 1772366333, 'forward_origin': {'type': 'user', 'sender_user': {'id': 987692540, 'is_bot': False, 'first_name': 'Стефан', 'username': 'StefanDKO', 'language_code': 'ru'}, 'date': 1772365624}, 'forward_from': {'id': 987692540, 'is_bot': False, 'first_name': 'Стефан', 'username': 'StefanDKO', 'language_code': 'ru'}, 'forward_date': 1772365624, 'text': '📔 дневник'}}]}
2026-03-01 14:02:12.660 | DEBUG    | src.familylog.collector.telegram:parse_forward:171 - Получены пересланные сообщения от ПОЛЬЗОВАТЕЛЯ: {'id': 987692540, 'is_bot': False, 'first_name': 'Стефан', 'username': 'StefanDKO', 'language_code': 'ru'}, ЗАГОЛОВОК: None
2026-03-01 14:02:12.664 | DEBUG    | src.familylog.collector.telegram:collect_messages:344 - Сохранено voice → session_id=22, intent=diary
2026-03-01 14:02:12.664 | INFO     | src.familylog.collector.telegram:save_setting:41 - Таблица settings обновлена параметры: last_update_id = 644948325
2026-03-01 14:02:12.666 | DEBUG    | src.familylog.collector.telegram:collect_messages:220 - Маркер '📔 дневник' → intent='diary'
2026-03-01 14:02:12.667 | DEBUG    | src.familylog.collector.telegram:collect_messages:226 - Закрыта сессия 22 автора {'id': 987692540, 'is_bot': False, 'first_name': 'Стефан', 'username': 'StefanDKO', 'language_code': 'ru'} с intent diary
2026-03-01 14:02:12.668 | DEBUG    | src.familylog.collector.telegram:open_session:142 - Новая сессия пользователя 987692540 создана с intent diary.
2026-03-01 14:02:12.668 | INFO     | src.familylog.collector.telegram:save_setting:41 - Таблица settings обновлена параметры: last_intent_987692540 = diary
2026-03-01 14:02:12.669 | INFO     | src.familylog.collector.telegram:save_setting:41 - Таблица settings обновлена параметры: last_update_id = 644948326
2026-03-01 14:02:33.931 | INFO     | src.familylog.collector.telegram:close_all_open_sessions:93 - Закрыто 0 сессий старше 30 минут
2026-03-01 14:07:58.057 | INFO     | src.familylog.collector.telegram:collect_messages:191 - id последнего добавленного сообщения в таблице settings = 644948326
2026-03-01 14:07:58.390 | INFO     | src.familylog.collector.telegram:fetch_updates:111 - Пробуем достать данные из телеграма Параметры offset = 644948326 - это значение id последнего сообщения в чате.
2026-03-01 14:07:58.391 | INFO     | src.familylog.collector.telegram:fetch_updates:116 - Данные от телеграма получены = 
 {'ok': True, 'result': [{'update_id': 644948327, 'message': {'message_id': 730, 'from': {'id': 987692540, 'is_bot': False, 'first_name': 'Стефан', 'username': 'StefanDKO', 'language_code': 'ru'}, 'chat': {'id': 987692540, 'first_name': 'Стефан', 'username': 'StefanDKO', 'type': 'private'}, 'date': 1772366873, 'forward_origin': {'type': 'user', 'sender_user': {'id': 987692540, 'is_bot': False, 'first_name': 'Стефан', 'username': 'StefanDKO', 'language_code': 'ru'}, 'date': 1772365624}, 'forward_from': {'id': 987692540, 'is_bot': False, 'first_name': 'Стефан', 'username': 'StefanDKO', 'language_code': 'ru'}, 'forward_date': 1772365624, 'text': '📔 дневник'}}, {'update_id': 644948328, 'message': {'message_id': 731, 'from': {'id': 987692540, 'is_bot': False, 'first_name': 'Стефан', 'username': 'StefanDKO', 'language_code': 'ru'}, 'chat': {'id': 987692540, 'first_name': 'Стефан', 'username': 'StefanDKO', 'type': 'private'}, 'date': 1772366873, 'forward_origin': {'type': 'user', 'sender_user': {'id': 987692540, 'is_bot': False, 'first_name': 'Стефан', 'username': 'StefanDKO', 'language_code': 'ru'}, 'date': 1772365622}, 'forward_from': {'id': 987692540, 'is_bot': False, 'first_name': 'Стефан', 'username': 'StefanDKO', 'language_code': 'ru'}, 'forward_date': 1772365622, 'voice': {'duration': 162, 'mime_type': 'audio/ogg', 'file_id': 'AwACAgIAAxkBAAIC1GmkJzZdZuE_P2pJqu3Z-13L0p-dAAJrmQACqj4gSa8FInfMdHWZOgQ', 'file_unique_id': 'AgADa5kAAqo-IEk', 'file_size': 3338072}}}, {'update_id': 644948329, 'message': {'message_id': 732, 'from': {'id': 987692540, 'is_bot': False, 'first_name': 'Стефан', 'username': 'StefanDKO', 'language_code': 'ru'}, 'chat': {'id': 987692540, 'first_name': 'Стефан', 'username': 'StefanDKO', 'type': 'private'}, 'date': 1772366873, 'forward_origin': {'type': 'user', 'sender_user': {'id': 987692540, 'is_bot': False, 'first_name': 'Стефан', 'username': 'StefanDKO', 'language_code': 'ru'}, 'date': 1772365624}, 'forward_from': {'id': 987692540, 'is_bot': False, 'first_name': 'Стефан', 'username': 'StefanDKO', 'language_code': 'ru'}, 'forward_date': 1772365624, 'text': '📔 дневник'}}]}
2026-03-01 14:07:58.391 | DEBUG    | src.familylog.collector.telegram:collect_messages:220 - Маркер '📔 дневник' → intent='diary'
2026-03-01 14:09:02.895 | INFO     | src.familylog.collector.telegram:collect_messages:191 - id последнего добавленного сообщения в таблице settings = 644948326
2026-03-01 14:09:03.145 | INFO     | src.familylog.collector.telegram:fetch_updates:111 - Пробуем достать данные из телеграма Параметры offset = 644948326 - это значение id последнего сообщения в чате.
2026-03-01 14:09:03.145 | INFO     | src.familylog.collector.telegram:fetch_updates:116 - Данные от телеграма получены = 
 {'ok': True, 'result': [{'update_id': 644948327, 'message': {'message_id': 730, 'from': {'id': 987692540, 'is_bot': False, 'first_name': 'Стефан', 'username': 'StefanDKO', 'language_code': 'ru'}, 'chat': {'id': 987692540, 'first_name': 'Стефан', 'username': 'StefanDKO', 'type': 'private'}, 'date': 1772366873, 'forward_origin': {'type': 'user', 'sender_user': {'id': 987692540, 'is_bot': False, 'first_name': 'Стефан', 'username': 'StefanDKO', 'language_code': 'ru'}, 'date': 1772365624}, 'forward_from': {'id': 987692540, 'is_bot': False, 'first_name': 'Стефан', 'username': 'StefanDKO', 'language_code': 'ru'}, 'forward_date': 1772365624, 'text': '📔 дневник'}}, {'update_id': 644948328, 'message': {'message_id': 731, 'from': {'id': 987692540, 'is_bot': False, 'first_name': 'Стефан', 'username': 'StefanDKO', 'language_code': 'ru'}, 'chat': {'id': 987692540, 'first_name': 'Стефан', 'username': 'StefanDKO', 'type': 'private'}, 'date': 1772366873, 'forward_origin': {'type': 'user', 'sender_user': {'id': 987692540, 'is_bot': False, 'first_name': 'Стефан', 'username': 'StefanDKO', 'language_code': 'ru'}, 'date': 1772365622}, 'forward_from': {'id': 987692540, 'is_bot': False, 'first_name': 'Стефан', 'username': 'StefanDKO', 'language_code': 'ru'}, 'forward_date': 1772365622, 'voice': {'duration': 162, 'mime_type': 'audio/ogg', 'file_id': 'AwACAgIAAxkBAAIC1GmkJzZdZuE_P2pJqu3Z-13L0p-dAAJrmQACqj4gSa8FInfMdHWZOgQ', 'file_unique_id': 'AgADa5kAAqo-IEk', 'file_size': 3338072}}}, {'update_id': 644948329, 'message': {'message_id': 732, 'from': {'id': 987692540, 'is_bot': False, 'first_name': 'Стефан', 'username': 'StefanDKO', 'language_code': 'ru'}, 'chat': {'id': 987692540, 'first_name': 'Стефан', 'username': 'StefanDKO', 'type': 'private'}, 'date': 1772366873, 'forward_origin': {'type': 'user', 'sender_user': {'id': 987692540, 'is_bot': False, 'first_name': 'Стефан', 'username': 'StefanDKO', 'language_code': 'ru'}, 'date': 1772365624}, 'forward_from': {'id': 987692540, 'is_bot': False, 'first_name': 'Стефан', 'username': 'StefanDKO', 'language_code': 'ru'}, 'forward_date': 1772365624, 'text': '📔 дневник'}}]}
2026-03-01 14:09:03.146 | DEBUG    | src.familylog.collector.telegram:collect_messages:220 - Маркер '📔 дневник' → intent='diary'
2026-03-01 14:10:07.373 | INFO     | src.familylog.collector.telegram:collect_messages:191 - id последнего добавленного сообщения в таблице settings = 644948326
2026-03-01 14:10:12.368 | INFO     | src.familylog.collector.telegram:fetch_updates:111 - Пробуем достать данные из телеграма Параметры offset = 644948326 - это значение id последнего сообщения в чате.
2026-03-01 14:10:12.368 | INFO     | src.familylog.collector.telegram:fetch_updates:116 - Данные от телеграма получены = 
 {'ok': True, 'result': [{'update_id': 644948327, 'message': {'message_id': 730, 'from': {'id': 987692540, 'is_bot': False, 'first_name': 'Стефан', 'username': 'StefanDKO', 'language_code': 'ru'}, 'chat': {'id': 987692540, 'first_name': 'Стефан', 'username': 'StefanDKO', 'type': 'private'}, 'date': 1772366873, 'forward_origin': {'type': 'user', 'sender_user': {'id': 987692540, 'is_bot': False, 'first_name': 'Стефан', 'username': 'StefanDKO', 'language_code': 'ru'}, 'date': 1772365624}, 'forward_from': {'id': 987692540, 'is_bot': False, 'first_name': 'Стефан', 'username': 'StefanDKO', 'language_code': 'ru'}, 'forward_date': 1772365624, 'text': '📔 дневник'}}, {'update_id': 644948328, 'message': {'message_id': 731, 'from': {'id': 987692540, 'is_bot': False, 'first_name': 'Стефан', 'username': 'StefanDKO', 'language_code': 'ru'}, 'chat': {'id': 987692540, 'first_name': 'Стефан', 'username': 'StefanDKO', 'type': 'private'}, 'date': 1772366873, 'forward_origin': {'type': 'user', 'sender_user': {'id': 987692540, 'is_bot': False, 'first_name': 'Стефан', 'username': 'StefanDKO', 'language_code': 'ru'}, 'date': 1772365622}, 'forward_from': {'id': 987692540, 'is_bot': False, 'first_name': 'Стефан', 'username': 'StefanDKO', 'language_code': 'ru'}, 'forward_date': 1772365622, 'voice': {'duration': 162, 'mime_type': 'audio/ogg', 'file_id': 'AwACAgIAAxkBAAIC1GmkJzZdZuE_P2pJqu3Z-13L0p-dAAJrmQACqj4gSa8FInfMdHWZOgQ', 'file_unique_id': 'AgADa5kAAqo-IEk', 'file_size': 3338072}}}, {'update_id': 644948329, 'message': {'message_id': 732, 'from': {'id': 987692540, 'is_bot': False, 'first_name': 'Стефан', 'username': 'StefanDKO', 'language_code': 'ru'}, 'chat': {'id': 987692540, 'first_name': 'Стефан', 'username': 'StefanDKO', 'type': 'private'}, 'date': 1772366873, 'forward_origin': {'type': 'user', 'sender_user': {'id': 987692540, 'is_bot': False, 'first_name': 'Стефан', 'username': 'StefanDKO', 'language_code': 'ru'}, 'date': 1772365624}, 'forward_from': {'id': 987692540, 'is_bot': False, 'first_name': 'Стефан', 'username': 'StefanDKO', 'language_code': 'ru'}, 'forward_date': 1772365624, 'text': '📔 дневник'}}]}
2026-03-01 14:10:12.369 | DEBUG    | src.familylog.collector.telegram:collect_messages:220 - Маркер '📔 дневник' → intent='diary'
2026-03-01 14:10:55.623 | INFO     | src.familylog.collector.telegram:collect_messages:193 - id последнего добавленного сообщения в таблице settings = 644948326
2026-03-01 14:10:55.943 | INFO     | src.familylog.collector.telegram:fetch_updates:113 - Пробуем достать данные из телеграма Параметры offset = 644948326 - это значение id последнего сообщения в чате.
2026-03-01 14:10:55.943 | INFO     | src.familylog.collector.telegram:fetch_updates:118 - Данные от телеграма получены = 
 {'ok': True, 'result': [{'update_id': 644948327, 'message': {'message_id': 730, 'from': {'id': 987692540, 'is_bot': False, 'first_name': 'Стефан', 'username': 'StefanDKO', 'language_code': 'ru'}, 'chat': {'id': 987692540, 'first_name': 'Стефан', 'username': 'StefanDKO', 'type': 'private'}, 'date': 1772366873, 'forward_origin': {'type': 'user', 'sender_user': {'id': 987692540, 'is_bot': False, 'first_name': 'Стефан', 'username': 'StefanDKO', 'language_code': 'ru'}, 'date': 1772365624}, 'forward_from': {'id': 987692540, 'is_bot': False, 'first_name': 'Стефан', 'username': 'StefanDKO', 'language_code': 'ru'}, 'forward_date': 1772365624, 'text': '📔 дневник'}}, {'update_id': 644948328, 'message': {'message_id': 731, 'from': {'id': 987692540, 'is_bot': False, 'first_name': 'Стефан', 'username': 'StefanDKO', 'language_code': 'ru'}, 'chat': {'id': 987692540, 'first_name': 'Стефан', 'username': 'StefanDKO', 'type': 'private'}, 'date': 1772366873, 'forward_origin': {'type': 'user', 'sender_user': {'id': 987692540, 'is_bot': False, 'first_name': 'Стефан', 'username': 'StefanDKO', 'language_code': 'ru'}, 'date': 1772365622}, 'forward_from': {'id': 987692540, 'is_bot': False, 'first_name': 'Стефан', 'username': 'StefanDKO', 'language_code': 'ru'}, 'forward_date': 1772365622, 'voice': {'duration': 162, 'mime_type': 'audio/ogg', 'file_id': 'AwACAgIAAxkBAAIC1GmkJzZdZuE_P2pJqu3Z-13L0p-dAAJrmQACqj4gSa8FInfMdHWZOgQ', 'file_unique_id': 'AgADa5kAAqo-IEk', 'file_size': 3338072}}}, {'update_id': 644948329, 'message': {'message_id': 732, 'from': {'id': 987692540, 'is_bot': False, 'first_name': 'Стефан', 'username': 'StefanDKO', 'language_code': 'ru'}, 'chat': {'id': 987692540, 'first_name': 'Стефан', 'username': 'StefanDKO', 'type': 'private'}, 'date': 1772366873, 'forward_origin': {'type': 'user', 'sender_user': {'id': 987692540, 'is_bot': False, 'first_name': 'Стефан', 'username': 'StefanDKO', 'language_code': 'ru'}, 'date': 1772365624}, 'forward_from': {'id': 987692540, 'is_bot': False, 'first_name': 'Стефан', 'username': 'StefanDKO', 'language_code': 'ru'}, 'forward_date': 1772365624, 'text': '📔 дневник'}}]}
2026-03-01 14:10:55.943 | DEBUG    | src.familylog.collector.telegram:collect_messages:222 - Маркер '📔 дневник' → intent='diary'
2026-03-01 14:11:45.910 | INFO     | src.familylog.collector.telegram:collect_messages:193 - id последнего добавленного сообщения в таблице settings = 644948326
2026-03-01 14:11:46.166 | INFO     | src.familylog.collector.telegram:fetch_updates:113 - Пробуем достать данные из телеграма Параметры offset = 644948326 - это значение id последнего сообщения в чате.
2026-03-01 14:11:46.166 | INFO     | src.familylog.collector.telegram:fetch_updates:118 - Данные от телеграма получены = 
 {'ok': True, 'result': [{'update_id': 644948327, 'message': {'message_id': 730, 'from': {'id': 987692540, 'is_bot': False, 'first_name': 'Стефан', 'username': 'StefanDKO', 'language_code': 'ru'}, 'chat': {'id': 987692540, 'first_name': 'Стефан', 'username': 'StefanDKO', 'type': 'private'}, 'date': 1772366873, 'forward_origin': {'type': 'user', 'sender_user': {'id': 987692540, 'is_bot': False, 'first_name': 'Стефан', 'username': 'StefanDKO', 'language_code': 'ru'}, 'date': 1772365624}, 'forward_from': {'id': 987692540, 'is_bot': False, 'first_name': 'Стефан', 'username': 'StefanDKO', 'language_code': 'ru'}, 'forward_date': 1772365624, 'text': '📔 дневник'}}, {'update_id': 644948328, 'message': {'message_id': 731, 'from': {'id': 987692540, 'is_bot': False, 'first_name': 'Стефан', 'username': 'StefanDKO', 'language_code': 'ru'}, 'chat': {'id': 987692540, 'first_name': 'Стефан', 'username': 'StefanDKO', 'type': 'private'}, 'date': 1772366873, 'forward_origin': {'type': 'user', 'sender_user': {'id': 987692540, 'is_bot': False, 'first_name': 'Стефан', 'username': 'StefanDKO', 'language_code': 'ru'}, 'date': 1772365622}, 'forward_from': {'id': 987692540, 'is_bot': False, 'first_name': 'Стефан', 'username': 'StefanDKO', 'language_code': 'ru'}, 'forward_date': 1772365622, 'voice': {'duration': 162, 'mime_type': 'audio/ogg', 'file_id': 'AwACAgIAAxkBAAIC1GmkJzZdZuE_P2pJqu3Z-13L0p-dAAJrmQACqj4gSa8FInfMdHWZOgQ', 'file_unique_id': 'AgADa5kAAqo-IEk', 'file_size': 3338072}}}, {'update_id': 644948329, 'message': {'message_id': 732, 'from': {'id': 987692540, 'is_bot': False, 'first_name': 'Стефан', 'username': 'StefanDKO', 'language_code': 'ru'}, 'chat': {'id': 987692540, 'first_name': 'Стефан', 'username': 'StefanDKO', 'type': 'private'}, 'date': 1772366873, 'forward_origin': {'type': 'user', 'sender_user': {'id': 987692540, 'is_bot': False, 'first_name': 'Стефан', 'username': 'StefanDKO', 'language_code': 'ru'}, 'date': 1772365624}, 'forward_from': {'id': 987692540, 'is_bot': False, 'first_name': 'Стефан', 'username': 'StefanDKO', 'language_code': 'ru'}, 'forward_date': 1772365624, 'text': '📔 дневник'}}]}
2026-03-01 14:11:46.166 | DEBUG    | src.familylog.collector.telegram:collect_messages:222 - Маркер '📔 дневник' → intent='diary'
2026-03-01 14:11:46.171 | DEBUG    | src.familylog.collector.telegram:collect_messages:228 - Закрыта сессия 23 автора {'id': 987692540, 'is_bot': False, 'first_name': 'Стефан', 'username': 'StefanDKO', 'language_code': 'ru'} с intent diary
2026-03-01 14:11:46.172 | DEBUG    | src.familylog.collector.telegram:open_session:144 - Новая сессия пользователя 987692540 создана с intent diary.
2026-03-01 14:11:46.172 | INFO     | src.familylog.collector.telegram:save_setting:43 - Таблица settings обновлена параметры: last_intent_987692540 = diary
2026-03-01 14:11:46.173 | INFO     | src.familylog.collector.telegram:save_setting:43 - Таблица settings обновлена параметры: last_update_id = 644948327
2026-03-01 14:11:46.174 | DEBUG    | src.familylog.collector.telegram:parse_forward:173 - Получены пересланные сообщения от ПОЛЬЗОВАТЕЛЯ: {'id': 987692540, 'is_bot': False, 'first_name': 'Стефан', 'username': 'StefanDKO', 'language_code': 'ru'}, ЗАГОЛОВОК: None
2026-03-01 14:11:46.176 | DEBUG    | src.familylog.collector.telegram:collect_messages:346 - Сохранено voice → session_id=24, intent=diary
2026-03-01 14:11:46.176 | INFO     | src.familylog.collector.telegram:save_setting:43 - Таблица settings обновлена параметры: last_update_id = 644948328
2026-03-01 14:11:46.177 | DEBUG    | src.familylog.collector.telegram:collect_messages:222 - Маркер '📔 дневник' → intent='diary'
2026-03-01 14:11:46.178 | DEBUG    | src.familylog.collector.telegram:collect_messages:228 - Закрыта сессия 24 автора {'id': 987692540, 'is_bot': False, 'first_name': 'Стефан', 'username': 'StefanDKO', 'language_code': 'ru'} с intent diary
2026-03-01 14:11:46.178 | DEBUG    | src.familylog.collector.telegram:open_session:144 - Новая сессия пользователя 987692540 создана с intent diary.
2026-03-01 14:11:46.179 | INFO     | src.familylog.collector.telegram:save_setting:43 - Таблица settings обновлена параметры: last_intent_987692540 = diary
2026-03-01 14:11:46.179 | INFO     | src.familylog.collector.telegram:save_setting:43 - Таблица settings обновлена параметры: last_update_id = 644948329
2026-03-01 14:12:04.001 | INFO     | src.familylog.collector.telegram:close_all_open_sessions:95 - Закрыто 0 сессий старше 30 минут
2026-03-01 14:15:13.957 | INFO     | src.familylog.collector.telegram:collect_messages:193 - id последнего добавленного сообщения в таблице settings = 644948329
2026-03-01 14:15:18.623 | INFO     | src.familylog.collector.telegram:fetch_updates:113 - Пробуем достать данные из телеграма Параметры offset = 644948329 - это значение id последнего сообщения в чате.
2026-03-01 14:15:18.624 | INFO     | src.familylog.collector.telegram:fetch_updates:118 - Данные от телеграма получены = 
 {'ok': True, 'result': [{'update_id': 644948330, 'message': {'message_id': 733, 'from': {'id': 987692540, 'is_bot': False, 'first_name': 'Стефан', 'username': 'StefanDKO', 'language_code': 'ru'}, 'chat': {'id': 987692540, 'first_name': 'Стефан', 'username': 'StefanDKO', 'type': 'private'}, 'date': 1772367273, 'voice': {'duration': 45, 'mime_type': 'audio/ogg', 'file_id': 'AwACAgIAAxkBAAIC3WmkLakf6nxaJaR2jEVkchR9RpQ8AAJ-kQACqj4oSbvzXPo90szqOgQ', 'file_unique_id': 'AgADfpEAAqo-KEk', 'file_size': 944764}}}, {'update_id': 644948331, 'message': {'message_id': 734, 'from': {'id': 987692540, 'is_bot': False, 'first_name': 'Стефан', 'username': 'StefanDKO', 'language_code': 'ru'}, 'chat': {'id': 987692540, 'first_name': 'Стефан', 'username': 'StefanDKO', 'type': 'private'}, 'date': 1772367277, 'text': '📔 дневник'}}]}
2026-03-01 14:15:18.639 | DEBUG    | src.familylog.collector.telegram:collect_messages:346 - Сохранено voice → session_id=25, intent=diary
2026-03-01 14:15:18.640 | INFO     | src.familylog.collector.telegram:save_setting:43 - Таблица settings обновлена параметры: last_update_id = 644948330
2026-03-01 14:15:18.642 | DEBUG    | src.familylog.collector.telegram:collect_messages:222 - Маркер '📔 дневник' → intent='diary'
2026-03-01 14:15:18.645 | DEBUG    | src.familylog.collector.telegram:collect_messages:228 - Закрыта сессия 25 автора {'id': 987692540, 'is_bot': False, 'first_name': 'Стефан', 'username': 'StefanDKO', 'language_code': 'ru'} с intent diary
2026-03-01 14:15:18.647 | DEBUG    | src.familylog.collector.telegram:open_session:144 - Новая сессия пользователя 987692540 создана с intent diary.
2026-03-01 14:15:18.647 | INFO     | src.familylog.collector.telegram:save_setting:43 - Таблица settings обновлена параметры: last_intent_987692540 = diary
2026-03-01 14:15:18.649 | INFO     | src.familylog.collector.telegram:save_setting:43 - Таблица settings обновлена параметры: last_update_id = 644948331
2026-03-01 14:15:30.138 | INFO     | src.familylog.collector.telegram:close_all_open_sessions:95 - Закрыто 0 сессий старше 30 минут
2026-03-01 14:17:33.249 | INFO     | src.familylog.collector.telegram:collect_messages:193 - id последнего добавленного сообщения в таблице settings = 644948331
2026-03-01 14:17:43.580 | INFO     | src.familylog.collector.telegram:fetch_updates:113 - Пробуем достать данные из телеграма Параметры offset = 644948331 - это значение id последнего сообщения в чате.
2026-03-01 14:17:43.580 | INFO     | src.familylog.collector.telegram:fetch_updates:118 - Данные от телеграма получены = 
 {'ok': True, 'result': []}
2026-03-01 14:17:55.312 | INFO     | src.familylog.collector.telegram:close_all_open_sessions:95 - Закрыто 0 сессий старше 30 минут
2026-03-01 14:18:37.416 | INFO     | src.familylog.collector.telegram:collect_messages:193 - id последнего добавленного сообщения в таблице settings = 644948331
2026-03-01 14:18:37.688 | INFO     | src.familylog.collector.telegram:fetch_updates:113 - Пробуем достать данные из телеграма Параметры offset = 644948331 - это значение id последнего сообщения в чате.
2026-03-01 14:18:37.688 | INFO     | src.familylog.collector.telegram:fetch_updates:118 - Данные от телеграма получены = 
 {'ok': True, 'result': [{'update_id': 644948332, 'message': {'message_id': 735, 'from': {'id': 987692540, 'is_bot': False, 'first_name': 'Стефан', 'username': 'StefanDKO', 'language_code': 'ru'}, 'chat': {'id': 987692540, 'first_name': 'Стефан', 'username': 'StefanDKO', 'type': 'private'}, 'date': 1772367466, 'forward_origin': {'type': 'user', 'sender_user': {'id': 987692540, 'is_bot': False, 'first_name': 'Стефан', 'username': 'StefanDKO', 'language_code': 'ru'}, 'date': 1772365624}, 'forward_from': {'id': 987692540, 'is_bot': False, 'first_name': 'Стефан', 'username': 'StefanDKO', 'language_code': 'ru'}, 'forward_date': 1772365624, 'text': '📔 дневник'}}, {'update_id': 644948333, 'message': {'message_id': 736, 'from': {'id': 987692540, 'is_bot': False, 'first_name': 'Стефан', 'username': 'StefanDKO', 'language_code': 'ru'}, 'chat': {'id': 987692540, 'first_name': 'Стефан', 'username': 'StefanDKO', 'type': 'private'}, 'date': 1772367466, 'forward_origin': {'type': 'user', 'sender_user': {'id': 987692540, 'is_bot': False, 'first_name': 'Стефан', 'username': 'StefanDKO', 'language_code': 'ru'}, 'date': 1772367273}, 'forward_from': {'id': 987692540, 'is_bot': False, 'first_name': 'Стефан', 'username': 'StefanDKO', 'language_code': 'ru'}, 'forward_date': 1772367273, 'voice': {'duration': 45, 'mime_type': 'audio/ogg', 'file_id': 'AwACAgIAAxkBAAIC3WmkLakf6nxaJaR2jEVkchR9RpQ8AAJ-kQACqj4oSbvzXPo90szqOgQ', 'file_unique_id': 'AgADfpEAAqo-KEk', 'file_size': 944764}}}, {'update_id': 644948334, 'message': {'message_id': 737, 'from': {'id': 987692540, 'is_bot': False, 'first_name': 'Стефан', 'username': 'StefanDKO', 'language_code': 'ru'}, 'chat': {'id': 987692540, 'first_name': 'Стефан', 'username': 'StefanDKO', 'type': 'private'}, 'date': 1772367466, 'forward_origin': {'type': 'user', 'sender_user': {'id': 987692540, 'is_bot': False, 'first_name': 'Стефан', 'username': 'StefanDKO', 'language_code': 'ru'}, 'date': 1772367277}, 'forward_from': {'id': 987692540, 'is_bot': False, 'first_name': 'Стефан', 'username': 'StefanDKO', 'language_code': 'ru'}, 'forward_date': 1772367277, 'text': '📔 дневник'}}]}
2026-03-01 14:18:37.689 | DEBUG    | src.familylog.collector.telegram:collect_messages:222 - Маркер '📔 дневник' → intent='diary'
2026-03-01 14:18:37.702 | DEBUG    | src.familylog.collector.telegram:collect_messages:228 - Закрыта сессия 26 автора {'id': 987692540, 'is_bot': False, 'first_name': 'Стефан', 'username': 'StefanDKO', 'language_code': 'ru'} с intent diary
2026-03-01 14:18:37.706 | DEBUG    | src.familylog.collector.telegram:open_session:144 - Новая сессия пользователя 987692540 создана с intent diary.
2026-03-01 14:18:37.707 | INFO     | src.familylog.collector.telegram:save_setting:43 - Таблица settings обновлена параметры: last_intent_987692540 = diary
2026-03-01 14:18:37.709 | INFO     | src.familylog.collector.telegram:save_setting:43 - Таблица settings обновлена параметры: last_update_id = 644948332
2026-03-01 14:18:37.712 | DEBUG    | src.familylog.collector.telegram:parse_forward:173 - Получены пересланные сообщения от ПОЛЬЗОВАТЕЛЯ: {'id': 987692540, 'is_bot': False, 'first_name': 'Стефан', 'username': 'StefanDKO', 'language_code': 'ru'}, ЗАГОЛОВОК: None
2026-03-01 14:18:37.715 | DEBUG    | src.familylog.collector.telegram:collect_messages:346 - Сохранено voice → session_id=27, intent=diary
2026-03-01 14:18:37.716 | INFO     | src.familylog.collector.telegram:save_setting:43 - Таблица settings обновлена параметры: last_update_id = 644948333
2026-03-01 14:18:37.718 | DEBUG    | src.familylog.collector.telegram:collect_messages:222 - Маркер '📔 дневник' → intent='diary'
2026-03-01 14:18:37.720 | DEBUG    | src.familylog.collector.telegram:collect_messages:228 - Закрыта сессия 27 автора {'id': 987692540, 'is_bot': False, 'first_name': 'Стефан', 'username': 'StefanDKO', 'language_code': 'ru'} с intent diary
2026-03-01 14:18:37.721 | DEBUG    | src.familylog.collector.telegram:open_session:144 - Новая сессия пользователя 987692540 создана с intent diary.
2026-03-01 14:18:37.721 | INFO     | src.familylog.collector.telegram:save_setting:43 - Таблица settings обновлена параметры: last_intent_987692540 = diary
2026-03-01 14:18:37.722 | INFO     | src.familylog.collector.telegram:save_setting:43 - Таблица settings обновлена параметры: last_update_id = 644948334
2026-03-01 14:18:43.599 | INFO     | src.familylog.collector.telegram:close_all_open_sessions:95 - Закрыто 0 сессий старше 30 минут
2026-03-01 14:36:23.901 | INFO     | src.familylog.collector.telegram:collect_messages:193 - id последнего добавленного сообщения в таблице settings = 644948334
2026-03-01 14:36:24.306 | INFO     | src.familylog.collector.telegram:fetch_updates:113 - Пробуем достать данные из телеграма Параметры offset = 644948334 - это значение id последнего сообщения в чате.
2026-03-01 14:36:24.306 | INFO     | src.familylog.collector.telegram:fetch_updates:118 - Данные от телеграма получены = 
 {'ok': True, 'result': [{'update_id': 644948335, 'message': {'message_id': 738, 'from': {'id': 987692540, 'is_bot': False, 'first_name': 'Стефан', 'username': 'StefanDKO', 'language_code': 'ru'}, 'chat': {'id': 987692540, 'first_name': 'Стефан', 'username': 'StefanDKO', 'type': 'private'}, 'date': 1772368560, 'voice': {'duration': 8, 'mime_type': 'audio/ogg', 'file_id': 'AwACAgIAAxkBAAIC4mmkMrDE2RU_IISCBBmlYI4Hn-ksAAKpkQACqj4oSX5vW5MHz5HSOgQ', 'file_unique_id': 'AgADqZEAAqo-KEk', 'file_size': 170204}}}, {'update_id': 644948336, 'message': {'message_id': 739, 'from': {'id': 987692540, 'is_bot': False, 'first_name': 'Стефан', 'username': 'StefanDKO', 'language_code': 'ru'}, 'chat': {'id': 987692540, 'first_name': 'Стефан', 'username': 'StefanDKO', 'type': 'private'}, 'date': 1772368560, 'text': '📔 дневник'}}]}
2026-03-01 14:36:24.316 | DEBUG    | src.familylog.collector.telegram:collect_messages:346 - Сохранено voice → session_id=28, intent=diary
2026-03-01 14:36:24.317 | INFO     | src.familylog.collector.telegram:save_setting:43 - Таблица settings обновлена параметры: last_update_id = 644948335
2026-03-01 14:36:24.320 | DEBUG    | src.familylog.collector.telegram:collect_messages:222 - Маркер '📔 дневник' → intent='diary'
2026-03-01 14:36:24.323 | DEBUG    | src.familylog.collector.telegram:collect_messages:228 - Закрыта сессия 28 автора {'id': 987692540, 'is_bot': False, 'first_name': 'Стефан', 'username': 'StefanDKO', 'language_code': 'ru'} с intent diary
2026-03-01 14:36:24.324 | DEBUG    | src.familylog.collector.telegram:open_session:144 - Новая сессия пользователя 987692540 создана с intent diary.
2026-03-01 14:36:24.325 | INFO     | src.familylog.collector.telegram:save_setting:43 - Таблица settings обновлена параметры: last_intent_987692540 = diary
2026-03-01 14:36:24.326 | INFO     | src.familylog.collector.telegram:save_setting:43 - Таблица settings обновлена параметры: last_update_id = 644948336
2026-03-01 14:36:29.702 | INFO     | src.familylog.collector.telegram:close_all_open_sessions:95 - Закрыто 0 сессий старше 30 минут
2026-03-01 14:37:40.124 | INFO     | src.familylog.collector.telegram:collect_messages:193 - id последнего добавленного сообщения в таблице settings = 644948336
2026-03-01 14:37:40.413 | INFO     | src.familylog.collector.telegram:fetch_updates:113 - Пробуем достать данные из телеграма Параметры offset = 644948336 - это значение id последнего сообщения в чате.
2026-03-01 14:37:40.413 | INFO     | src.familylog.collector.telegram:fetch_updates:118 - Данные от телеграма получены = 
 {'ok': True, 'result': [{'update_id': 644948337, 'message': {'message_id': 740, 'from': {'id': 987692540, 'is_bot': False, 'first_name': 'Стефан', 'username': 'StefanDKO', 'language_code': 'ru'}, 'chat': {'id': 987692540, 'first_name': 'Стефан', 'username': 'StefanDKO', 'type': 'private'}, 'date': 1772368652, 'photo': [{'file_id': 'AgACAgIAAxkBAAIC5GmkMwxpNM6Vk8BVV_KLTs2FKXs7AAJzEmsb238ISQPGYUVfDUiWAQADAgADcwADOgQ', 'file_unique_id': 'AQADcxJrG9t_CEl4', 'file_size': 2019, 'width': 90, 'height': 90}, {'file_id': 'AgACAgIAAxkBAAIC5GmkMwxpNM6Vk8BVV_KLTs2FKXs7AAJzEmsb238ISQPGYUVfDUiWAQADAgADbQADOgQ', 'file_unique_id': 'AQADcxJrG9t_CEly', 'file_size': 27658, 'width': 320, 'height': 320}, {'file_id': 'AgACAgIAAxkBAAIC5GmkMwxpNM6Vk8BVV_KLTs2FKXs7AAJzEmsb238ISQPGYUVfDUiWAQADAgADeAADOgQ', 'file_unique_id': 'AQADcxJrG9t_CEl9', 'file_size': 98767, 'width': 800, 'height': 799}, {'file_id': 'AgACAgIAAxkBAAIC5GmkMwxpNM6Vk8BVV_KLTs2FKXs7AAJzEmsb238ISQPGYUVfDUiWAQADAgADeQADOgQ', 'file_unique_id': 'AQADcxJrG9t_CEl-', 'file_size': 130888, 'width': 1079, 'height': 1078}]}}, {'update_id': 644948338, 'message': {'message_id': 741, 'from': {'id': 987692540, 'is_bot': False, 'first_name': 'Стефан', 'username': 'StefanDKO', 'language_code': 'ru'}, 'chat': {'id': 987692540, 'first_name': 'Стефан', 'username': 'StefanDKO', 'type': 'private'}, 'date': 1772368654, 'text': '📝 заметка'}}]}
2026-03-01 14:37:40.421 | DEBUG    | src.familylog.collector.telegram:collect_messages:346 - Сохранено photo → session_id=29, intent=diary
2026-03-01 14:37:40.422 | INFO     | src.familylog.collector.telegram:save_setting:43 - Таблица settings обновлена параметры: last_update_id = 644948337
2026-03-01 14:37:40.423 | DEBUG    | src.familylog.collector.telegram:collect_messages:222 - Маркер '📝 заметка' → intent='note'
2026-03-01 14:37:40.424 | DEBUG    | src.familylog.collector.telegram:collect_messages:228 - Закрыта сессия 29 автора {'id': 987692540, 'is_bot': False, 'first_name': 'Стефан', 'username': 'StefanDKO', 'language_code': 'ru'} с intent diary
2026-03-01 14:37:40.426 | DEBUG    | src.familylog.collector.telegram:open_session:144 - Новая сессия пользователя 987692540 создана с intent note.
2026-03-01 14:37:40.426 | INFO     | src.familylog.collector.telegram:save_setting:43 - Таблица settings обновлена параметры: last_intent_987692540 = note
2026-03-01 14:37:40.428 | INFO     | src.familylog.collector.telegram:save_setting:43 - Таблица settings обновлена параметры: last_update_id = 644948338
2026-03-01 14:38:41.020 | INFO     | src.familylog.collector.telegram:close_all_open_sessions:95 - Закрыто 0 сессий старше 30 минут
2026-03-01 14:42:00.640 | INFO     | src.familylog.collector.telegram:collect_messages:193 - id последнего добавленного сообщения в таблице settings = 644948338
2026-03-01 14:42:00.984 | INFO     | src.familylog.collector.telegram:fetch_updates:113 - Пробуем достать данные из телеграма Параметры offset = 644948338 - это значение id последнего сообщения в чате.
2026-03-01 14:42:00.985 | INFO     | src.familylog.collector.telegram:fetch_updates:118 - Данные от телеграма получены = 
 {'ok': True, 'result': [{'update_id': 644948339, 'message': {'message_id': 742, 'from': {'id': 987692540, 'is_bot': False, 'first_name': 'Стефан', 'username': 'StefanDKO', 'language_code': 'ru'}, 'chat': {'id': 987692540, 'first_name': 'Стефан', 'username': 'StefanDKO', 'type': 'private'}, 'date': 1772368913, 'photo': [{'file_id': 'AgACAgIAAxkBAAIC5mmkNBELN-vYOQU6nhy_dTjcVNQTAAJpEmsbqj4oSV3fxp_6jQhJAQADAgADcwADOgQ', 'file_unique_id': 'AQADaRJrG6o-KEl4', 'file_size': 1392, 'width': 67, 'height': 90}, {'file_id': 'AgACAgIAAxkBAAIC5mmkNBELN-vYOQU6nhy_dTjcVNQTAAJpEmsbqj4oSV3fxp_6jQhJAQADAgADbQADOgQ', 'file_unique_id': 'AQADaRJrG6o-KEly', 'file_size': 22835, 'width': 240, 'height': 320}, {'file_id': 'AgACAgIAAxkBAAIC5mmkNBELN-vYOQU6nhy_dTjcVNQTAAJpEmsbqj4oSV3fxp_6jQhJAQADAgADeAADOgQ', 'file_unique_id': 'AQADaRJrG6o-KEl9', 'file_size': 124395, 'width': 600, 'height': 800}, {'file_id': 'AgACAgIAAxkBAAIC5mmkNBELN-vYOQU6nhy_dTjcVNQTAAJpEmsbqj4oSV3fxp_6jQhJAQADAgADeQADOgQ', 'file_unique_id': 'AQADaRJrG6o-KEl-', 'file_size': 269686, 'width': 960, 'height': 1280}]}}, {'update_id': 644948340, 'message': {'message_id': 743, 'from': {'id': 987692540, 'is_bot': False, 'first_name': 'Стефан', 'username': 'StefanDKO', 'language_code': 'ru'}, 'chat': {'id': 987692540, 'first_name': 'Стефан', 'username': 'StefanDKO', 'type': 'private'}, 'date': 1772368916, 'text': '📝 заметка'}}]}
2026-03-01 14:42:00.992 | DEBUG    | src.familylog.collector.telegram:collect_messages:346 - Сохранено photo → session_id=30, intent=note
2026-03-01 14:42:00.993 | INFO     | src.familylog.collector.telegram:save_setting:43 - Таблица settings обновлена параметры: last_update_id = 644948339
2026-03-01 14:42:00.994 | DEBUG    | src.familylog.collector.telegram:collect_messages:222 - Маркер '📝 заметка' → intent='note'
2026-03-01 14:42:00.995 | DEBUG    | src.familylog.collector.telegram:collect_messages:228 - Закрыта сессия 30 автора {'id': 987692540, 'is_bot': False, 'first_name': 'Стефан', 'username': 'StefanDKO', 'language_code': 'ru'} с intent note
2026-03-01 14:42:00.996 | DEBUG    | src.familylog.collector.telegram:open_session:144 - Новая сессия пользователя 987692540 создана с intent note.
2026-03-01 14:42:00.996 | INFO     | src.familylog.collector.telegram:save_setting:43 - Таблица settings обновлена параметры: last_intent_987692540 = note
2026-03-01 14:42:00.997 | INFO     | src.familylog.collector.telegram:save_setting:43 - Таблица settings обновлена параметры: last_update_id = 644948340
2026-03-01 14:42:24.231 | INFO     | src.familylog.collector.telegram:close_all_open_sessions:95 - Закрыто 0 сессий старше 30 минут
2026-03-01 14:43:06.298 | INFO     | src.familylog.collector.telegram:collect_messages:193 - id последнего добавленного сообщения в таблице settings = 644948340
2026-03-01 14:43:16.650 | INFO     | src.familylog.collector.telegram:fetch_updates:113 - Пробуем достать данные из телеграма Параметры offset = 644948340 - это значение id последнего сообщения в чате.
2026-03-01 14:43:16.651 | INFO     | src.familylog.collector.telegram:fetch_updates:118 - Данные от телеграма получены = 
 {'ok': True, 'result': []}
2026-03-01 14:43:19.202 | INFO     | src.familylog.collector.telegram:close_all_open_sessions:95 - Закрыто 0 сессий старше 30 минут
2026-03-01 14:43:50.471 | INFO     | src.familylog.collector.telegram:collect_messages:193 - id последнего добавленного сообщения в таблице settings = 644948340
2026-03-01 14:43:50.740 | INFO     | src.familylog.collector.telegram:fetch_updates:113 - Пробуем достать данные из телеграма Параметры offset = 644948340 - это значение id последнего сообщения в чате.
2026-03-01 14:43:50.740 | INFO     | src.familylog.collector.telegram:fetch_updates:118 - Данные от телеграма получены = 
 {'ok': True, 'result': [{'update_id': 644948341, 'message': {'message_id': 744, 'from': {'id': 987692540, 'is_bot': False, 'first_name': 'Стефан', 'username': 'StefanDKO', 'language_code': 'ru'}, 'chat': {'id': 987692540, 'first_name': 'Стефан', 'username': 'StefanDKO', 'type': 'private'}, 'date': 1772369022, 'photo': [{'file_id': 'AgACAgIAAxkBAAIC6GmkNH5I7oTFr6P_BinfubQsh7AWAAJuEmsbqj4oSVX1ytGkGvpVAQADAgADcwADOgQ', 'file_unique_id': 'AQADbhJrG6o-KEl4', 'file_size': 1483, 'width': 90, 'height': 89}, {'file_id': 'AgACAgIAAxkBAAIC6GmkNH5I7oTFr6P_BinfubQsh7AWAAJuEmsbqj4oSVX1ytGkGvpVAQADAgADbQADOgQ', 'file_unique_id': 'AQADbhJrG6o-KEly', 'file_size': 21054, 'width': 320, 'height': 318}, {'file_id': 'AgACAgIAAxkBAAIC6GmkNH5I7oTFr6P_BinfubQsh7AWAAJuEmsbqj4oSVX1ytGkGvpVAQADAgADeAADOgQ', 'file_unique_id': 'AQADbhJrG6o-KEl9', 'file_size': 76619, 'width': 800, 'height': 796}, {'file_id': 'AgACAgIAAxkBAAIC6GmkNH5I7oTFr6P_BinfubQsh7AWAAJuEmsbqj4oSVX1ytGkGvpVAQADAgADeQADOgQ', 'file_unique_id': 'AQADbhJrG6o-KEl-', 'file_size': 95798, 'width': 1079, 'height': 1073}]}}, {'update_id': 644948342, 'message': {'message_id': 745, 'from': {'id': 987692540, 'is_bot': False, 'first_name': 'Стефан', 'username': 'StefanDKO', 'language_code': 'ru'}, 'chat': {'id': 987692540, 'first_name': 'Стефан', 'username': 'StefanDKO', 'type': 'private'}, 'date': 1772369023, 'text': '📝 заметка'}}]}
2026-03-01 14:43:50.756 | DEBUG    | src.familylog.collector.telegram:collect_messages:346 - Сохранено photo → session_id=31, intent=note
2026-03-01 14:43:50.758 | INFO     | src.familylog.collector.telegram:save_setting:43 - Таблица settings обновлена параметры: last_update_id = 644948341
2026-03-01 14:43:50.760 | DEBUG    | src.familylog.collector.telegram:collect_messages:222 - Маркер '📝 заметка' → intent='note'
2026-03-01 14:43:50.763 | DEBUG    | src.familylog.collector.telegram:collect_messages:228 - Закрыта сессия 31 автора {'id': 987692540, 'is_bot': False, 'first_name': 'Стефан', 'username': 'StefanDKO', 'language_code': 'ru'} с intent note
2026-03-01 14:43:50.764 | DEBUG    | src.familylog.collector.telegram:open_session:144 - Новая сессия пользователя 987692540 создана с intent note.
2026-03-01 14:43:50.765 | INFO     | src.familylog.collector.telegram:save_setting:43 - Таблица settings обновлена параметры: last_intent_987692540 = note
2026-03-01 14:43:50.767 | INFO     | src.familylog.collector.telegram:save_setting:43 - Таблица settings обновлена параметры: last_update_id = 644948342
2026-03-01 14:44:11.198 | INFO     | src.familylog.collector.telegram:close_all_open_sessions:95 - Закрыто 0 сессий старше 30 минут
